<?xml version="1.0" encoding="ISO-8859-1" ?>
<link_info>
   <banner>TI ARM Linker PC v20.2.7.LTS</banner>
   <copyright>Copyright (c) 1996-2018 Texas Instruments Incorporated</copyright>
   <link_time>0x6a3087e8</link_time>
   <link_errors>0x0</link_errors>
   <output_file>Lab7-10.out</output_file>
   <entry_point>
      <name>_c_int00_noargs</name>
      <address>0x1de01</address>
   </entry_point>
   <input_file_list>
      <input_file id="fl-2">
         <path>.\</path>
         <kind>object</kind>
         <file>main_sd.obj</file>
         <name>main_sd.obj</name>
      </input_file>
      <input_file id="fl-3">
         <path>.\Data\baby\</path>
         <kind>object</kind>
         <file>baby_data.obj</file>
         <name>baby_data.obj</name>
      </input_file>
      <input_file id="fl-4">
         <path>.\Data\baby\</path>
         <kind>object</kind>
         <file>baby_palette.obj</file>
         <name>baby_palette.obj</name>
      </input_file>
      <input_file id="fl-5">
         <path>.\Data\boi\</path>
         <kind>object</kind>
         <file>boi_data.obj</file>
         <name>boi_data.obj</name>
      </input_file>
      <input_file id="fl-6">
         <path>.\Data\boi\</path>
         <kind>object</kind>
         <file>boi_palette.obj</file>
         <name>boi_palette.obj</name>
      </input_file>
      <input_file id="fl-7">
         <path>.\Data\cat_space\</path>
         <kind>object</kind>
         <file>cat_space_data.obj</file>
         <name>cat_space_data.obj</name>
      </input_file>
      <input_file id="fl-8">
         <path>.\Data\cat_space\</path>
         <kind>object</kind>
         <file>cat_space_palette.obj</file>
         <name>cat_space_palette.obj</name>
      </input_file>
      <input_file id="fl-9">
         <path>.\Data\dermot\</path>
         <kind>object</kind>
         <file>dermot_data.obj</file>
         <name>dermot_data.obj</name>
      </input_file>
      <input_file id="fl-a">
         <path>.\Data\dermot\</path>
         <kind>object</kind>
         <file>dermot_palette.obj</file>
         <name>dermot_palette.obj</name>
      </input_file>
      <input_file id="fl-b">
         <path>.\Data\dot\</path>
         <kind>object</kind>
         <file>dot_data.obj</file>
         <name>dot_data.obj</name>
      </input_file>
      <input_file id="fl-c">
         <path>.\Data\dot\</path>
         <kind>object</kind>
         <file>dot_palette.obj</file>
         <name>dot_palette.obj</name>
      </input_file>
      <input_file id="fl-d">
         <path>.\Data\eye\</path>
         <kind>object</kind>
         <file>eye_data.obj</file>
         <name>eye_data.obj</name>
      </input_file>
      <input_file id="fl-e">
         <path>.\Data\eye\</path>
         <kind>object</kind>
         <file>eye_palette.obj</file>
         <name>eye_palette.obj</name>
      </input_file>
      <input_file id="fl-f">
         <path>.\Data\frog\</path>
         <kind>object</kind>
         <file>frog_data.obj</file>
         <name>frog_data.obj</name>
      </input_file>
      <input_file id="fl-10">
         <path>.\Data\frog\</path>
         <kind>object</kind>
         <file>frog_palette.obj</file>
         <name>frog_palette.obj</name>
      </input_file>
      <input_file id="fl-11">
         <path>.\Data\globe_old\</path>
         <kind>object</kind>
         <file>globe_data.obj</file>
         <name>globe_data.obj</name>
      </input_file>
      <input_file id="fl-12">
         <path>.\Data\globe_old\</path>
         <kind>object</kind>
         <file>palette.obj</file>
         <name>palette.obj</name>
      </input_file>
      <input_file id="fl-13">
         <path>.\Data\lebron\</path>
         <kind>object</kind>
         <file>lebron_data.obj</file>
         <name>lebron_data.obj</name>
      </input_file>
      <input_file id="fl-14">
         <path>.\Data\lebron\</path>
         <kind>object</kind>
         <file>lebron_palette.obj</file>
         <name>lebron_palette.obj</name>
      </input_file>
      <input_file id="fl-15">
         <path>.\Data\</path>
         <kind>object</kind>
         <file>map_data.obj</file>
         <name>map_data.obj</name>
      </input_file>
      <input_file id="fl-16">
         <path>.\Data\</path>
         <kind>object</kind>
         <file>map_palette.obj</file>
         <name>map_palette.obj</name>
      </input_file>
      <input_file id="fl-17">
         <path>.\Data\vote\</path>
         <kind>object</kind>
         <file>vote_data.obj</file>
         <name>vote_data.obj</name>
      </input_file>
      <input_file id="fl-18">
         <path>.\Data\vote\</path>
         <kind>object</kind>
         <file>vote_palette.obj</file>
         <name>vote_palette.obj</name>
      </input_file>
      <input_file id="fl-19">
         <path>.\Drivers\src\</path>
         <kind>object</kind>
         <file>Clock.obj</file>
         <name>Clock.obj</name>
      </input_file>
      <input_file id="fl-1a">
         <path>.\Drivers\src\</path>
         <kind>object</kind>
         <file>CortexM.obj</file>
         <name>CortexM.obj</name>
      </input_file>
      <input_file id="fl-1b">
         <path>.\Drivers\src\</path>
         <kind>object</kind>
         <file>DMA_Common.obj</file>
         <name>DMA_Common.obj</name>
      </input_file>
      <input_file id="fl-1c">
         <path>.\Drivers\src\</path>
         <kind>object</kind>
         <file>FIFO.obj</file>
         <name>FIFO.obj</name>
      </input_file>
      <input_file id="fl-1d">
         <path>.\Drivers\src\</path>
         <kind>object</kind>
         <file>GPIO.obj</file>
         <name>GPIO.obj</name>
      </input_file>
      <input_file id="fl-1e">
         <path>.\Drivers\src\</path>
         <kind>object</kind>
         <file>LCD.obj</file>
         <name>LCD.obj</name>
      </input_file>
      <input_file id="fl-1f">
         <path>.\Drivers\src\</path>
         <kind>object</kind>
         <file>MQTT.obj</file>
         <name>MQTT.obj</name>
      </input_file>
      <input_file id="fl-20">
         <path>.\Drivers\src\</path>
         <kind>object</kind>
         <file>Mic.obj</file>
         <name>Mic.obj</name>
      </input_file>
      <input_file id="fl-21">
         <path>.\Drivers\src\</path>
         <kind>object</kind>
         <file>Motor.obj</file>
         <name>Motor.obj</name>
      </input_file>
      <input_file id="fl-22">
         <path>.\Drivers\src\</path>
         <kind>object</kind>
         <file>PLL.obj</file>
         <name>PLL.obj</name>
      </input_file>
      <input_file id="fl-23">
         <path>.\Drivers\src\</path>
         <kind>object</kind>
         <file>SD_DMA.obj</file>
         <name>SD_DMA.obj</name>
      </input_file>
      <input_file id="fl-24">
         <path>.\Drivers\src\</path>
         <kind>object</kind>
         <file>SK9822.obj</file>
         <name>SK9822.obj</name>
      </input_file>
      <input_file id="fl-25">
         <path>.\Drivers\src\</path>
         <kind>object</kind>
         <file>SK9822_DMA_SSI.obj</file>
         <name>SK9822_DMA_SSI.obj</name>
      </input_file>
      <input_file id="fl-26">
         <path>.\Drivers\src\</path>
         <kind>object</kind>
         <file>ST7735.obj</file>
         <name>ST7735.obj</name>
      </input_file>
      <input_file id="fl-27">
         <path>.\Drivers\src\</path>
         <kind>object</kind>
         <file>SysTickInts.obj</file>
         <name>SysTickInts.obj</name>
      </input_file>
      <input_file id="fl-28">
         <path>.\Drivers\src\</path>
         <kind>object</kind>
         <file>TLV5616.obj</file>
         <name>TLV5616.obj</name>
      </input_file>
      <input_file id="fl-29">
         <path>.\Drivers\src\</path>
         <kind>object</kind>
         <file>Timer0A.obj</file>
         <name>Timer0A.obj</name>
      </input_file>
      <input_file id="fl-2a">
         <path>.\Drivers\src\</path>
         <kind>object</kind>
         <file>Timer1A.obj</file>
         <name>Timer1A.obj</name>
      </input_file>
      <input_file id="fl-2b">
         <path>.\Drivers\src\</path>
         <kind>object</kind>
         <file>Timer2A.obj</file>
         <name>Timer2A.obj</name>
      </input_file>
      <input_file id="fl-2c">
         <path>.\Drivers\src\</path>
         <kind>object</kind>
         <file>Timer3A.obj</file>
         <name>Timer3A.obj</name>
      </input_file>
      <input_file id="fl-2d">
         <path>.\Drivers\src\</path>
         <kind>object</kind>
         <file>Timer4A.obj</file>
         <name>Timer4A.obj</name>
      </input_file>
      <input_file id="fl-2e">
         <path>.\Drivers\src\</path>
         <kind>object</kind>
         <file>Timer5A.obj</file>
         <name>Timer5A.obj</name>
      </input_file>
      <input_file id="fl-2f">
         <path>.\Drivers\src\</path>
         <kind>object</kind>
         <file>UART.obj</file>
         <name>UART.obj</name>
      </input_file>
      <input_file id="fl-30">
         <path>.\Drivers\src\</path>
         <kind>object</kind>
         <file>UART5.obj</file>
         <name>UART5.obj</name>
      </input_file>
      <input_file id="fl-31">
         <path>.\Drivers\src\</path>
         <kind>object</kind>
         <file>Unified_Port_Init.obj</file>
         <name>Unified_Port_Init.obj</name>
      </input_file>
      <input_file id="fl-32">
         <path>.\Drivers\src\</path>
         <kind>object</kind>
         <file>diskio_DMA.obj</file>
         <name>diskio_DMA.obj</name>
      </input_file>
      <input_file id="fl-33">
         <path>.\Drivers\src\</path>
         <kind>object</kind>
         <file>esp8266_base.obj</file>
         <name>esp8266_base.obj</name>
      </input_file>
      <input_file id="fl-34">
         <path>.\Drivers\src\</path>
         <kind>object</kind>
         <file>ff.obj</file>
         <name>ff.obj</name>
      </input_file>
      <input_file id="fl-35">
         <path>.\Drivers\src\</path>
         <kind>object</kind>
         <file>tm4c123gh6pm_startup_ccs.obj</file>
         <name>tm4c123gh6pm_startup_ccs.obj</name>
      </input_file>
      <input_file id="fl-39">
         <kind>object</kind>
         <file>&lt;internal&gt;</file>
         <name>&lt;internal&gt;</name>
      </input_file>
      <input_file id="fl-ef">
         <path>C:\ti\ti-cgt-arm_20.2.7.LTS\lib\</path>
         <kind>archive</kind>
         <file>rtsv7M4_T_le_v4SPD16_eabi.lib</file>
         <name>ull_div_t2.asm.obj</name>
      </input_file>
      <input_file id="fl-f0">
         <path>C:\ti\ti-cgt-arm_20.2.7.LTS\lib\</path>
         <kind>archive</kind>
         <file>rtsv7M4_T_le_v4SPD16_eabi.lib</file>
         <name>copy_zero_init.c.obj</name>
      </input_file>
      <input_file id="fl-f1">
         <path>C:\ti\ti-cgt-arm_20.2.7.LTS\lib\</path>
         <kind>archive</kind>
         <file>rtsv7M4_T_le_v4SPD16_eabi.lib</file>
         <name>copy_decompress_none.c.obj</name>
      </input_file>
      <input_file id="fl-f2">
         <path>C:\ti\ti-cgt-arm_20.2.7.LTS\lib\</path>
         <kind>archive</kind>
         <file>rtsv7M4_T_le_v4SPD16_eabi.lib</file>
         <name>copy_decompress_lzss.c.obj</name>
      </input_file>
      <input_file id="fl-f3">
         <path>C:\ti\ti-cgt-arm_20.2.7.LTS\lib\</path>
         <kind>archive</kind>
         <file>rtsv7M4_T_le_v4SPD16_eabi.lib</file>
         <name>strcpy.c.obj</name>
      </input_file>
      <input_file id="fl-f4">
         <path>C:\ti\ti-cgt-arm_20.2.7.LTS\lib\</path>
         <kind>archive</kind>
         <file>rtsv7M4_T_le_v4SPD16_eabi.lib</file>
         <name>strtok.c.obj</name>
      </input_file>
      <input_file id="fl-f5">
         <path>C:\ti\ti-cgt-arm_20.2.7.LTS\lib\</path>
         <kind>archive</kind>
         <file>rtsv7M4_T_le_v4SPD16_eabi.lib</file>
         <name>boot_cortex_m.c.obj</name>
      </input_file>
      <input_file id="fl-f6">
         <path>C:\ti\ti-cgt-arm_20.2.7.LTS\lib\</path>
         <kind>archive</kind>
         <file>rtsv7M4_T_le_v4SPD16_eabi.lib</file>
         <name>div0.asm.obj</name>
      </input_file>
      <input_file id="fl-f7">
         <path>C:\ti\ti-cgt-arm_20.2.7.LTS\lib\</path>
         <kind>archive</kind>
         <file>rtsv7M4_T_le_v4SPD16_eabi.lib</file>
         <name>memcpy_t2.asm.obj</name>
      </input_file>
      <input_file id="fl-f8">
         <path>C:\ti\ti-cgt-arm_20.2.7.LTS\lib\</path>
         <kind>archive</kind>
         <file>rtsv7M4_T_le_v4SPD16_eabi.lib</file>
         <name>memset_t2.asm.obj</name>
      </input_file>
      <input_file id="fl-f9">
         <path>C:\ti\ti-cgt-arm_20.2.7.LTS\lib\</path>
         <kind>archive</kind>
         <file>rtsv7M4_T_le_v4SPD16_eabi.lib</file>
         <name>autoinit.c.obj</name>
      </input_file>
      <input_file id="fl-fa">
         <path>C:\ti\ti-cgt-arm_20.2.7.LTS\lib\</path>
         <kind>archive</kind>
         <file>rtsv7M4_T_le_v4SPD16_eabi.lib</file>
         <name>pre_init.c.obj</name>
      </input_file>
      <input_file id="fl-fb">
         <path>C:\ti\ti-cgt-arm_20.2.7.LTS\lib\</path>
         <kind>archive</kind>
         <file>rtsv7M4_T_le_v4SPD16_eabi.lib</file>
         <name>cpy_tbl.c.obj</name>
      </input_file>
      <input_file id="fl-fc">
         <path>C:\ti\ti-cgt-arm_20.2.7.LTS\lib\</path>
         <kind>archive</kind>
         <file>rtsv7M4_T_le_v4SPD16_eabi.lib</file>
         <name>exit.c.obj</name>
      </input_file>
      <input_file id="fl-fd">
         <path>C:\ti\ti-cgt-arm_20.2.7.LTS\lib\</path>
         <kind>archive</kind>
         <file>rtsv7M4_T_le_v4SPD16_eabi.lib</file>
         <name>_lock.c.obj</name>
      </input_file>
      <input_file id="fl-fe">
         <path>C:\ti\ti-cgt-arm_20.2.7.LTS\lib\</path>
         <kind>archive</kind>
         <file>rtsv7M4_T_le_v4SPD16_eabi.lib</file>
         <name>args_main.c.obj</name>
      </input_file>
      <input_file id="fl-ff">
         <path>C:\ti\ti-cgt-arm_20.2.7.LTS\lib\</path>
         <kind>archive</kind>
         <file>rtsv7M4_T_le_v4SPD16_eabi.lib</file>
         <name>strcspn.c.obj</name>
      </input_file>
      <input_file id="fl-100">
         <path>C:\ti\ti-cgt-arm_20.2.7.LTS\lib\</path>
         <kind>archive</kind>
         <file>rtsv7M4_T_le_v4SPD16_eabi.lib</file>
         <name>strspn.c.obj</name>
      </input_file>
   </input_file_list>
   <object_component_list>
      <object_component id="oc-12">
         <name>.intvecs</name>
         <load_address>0x0</load_address>
         <run_address>0x0</run_address>
         <size>0x26c</size>
         <input_file_ref idref="fl-35"/>
      </object_component>
      <object_component id="oc-176">
         <name>.text</name>
         <load_address>0x151a0</load_address>
         <run_address>0x151a0</run_address>
         <size>0x3968</size>
         <input_file_ref idref="fl-34"/>
      </object_component>
      <object_component id="oc-146">
         <name>.text</name>
         <load_address>0x18b08</load_address>
         <run_address>0x18b08</run_address>
         <size>0x1d78</size>
         <input_file_ref idref="fl-26"/>
      </object_component>
      <object_component id="oc-5d">
         <name>.text</name>
         <load_address>0x1a880</load_address>
         <run_address>0x1a880</run_address>
         <size>0xb98</size>
         <input_file_ref idref="fl-32"/>
      </object_component>
      <object_component id="oc-170">
         <name>.text</name>
         <load_address>0x1b418</load_address>
         <run_address>0x1b418</run_address>
         <size>0x7f6</size>
         <input_file_ref idref="fl-24"/>
      </object_component>
      <object_component id="oc-1ad">
         <name>.text</name>
         <load_address>0x1bc0e</load_address>
         <run_address>0x1bc0e</run_address>
         <size>0x2</size>
         <input_file_ref idref="fl-f6"/>
      </object_component>
      <object_component id="oc-b3">
         <name>.text</name>
         <load_address>0x1bc10</load_address>
         <run_address>0x1bc10</run_address>
         <size>0x658</size>
         <input_file_ref idref="fl-1e"/>
      </object_component>
      <object_component id="oc-63">
         <name>.text</name>
         <load_address>0x1c268</load_address>
         <run_address>0x1c268</run_address>
         <size>0x5a4</size>
         <input_file_ref idref="fl-21"/>
      </object_component>
      <object_component id="oc-d4">
         <name>.text</name>
         <load_address>0x1c80c</load_address>
         <run_address>0x1c80c</run_address>
         <size>0x5a4</size>
         <input_file_ref idref="fl-2"/>
      </object_component>
      <object_component id="oc-33">
         <name>.text</name>
         <load_address>0x1cdb0</load_address>
         <run_address>0x1cdb0</run_address>
         <size>0x2fc</size>
         <input_file_ref idref="fl-1d"/>
      </object_component>
      <object_component id="oc-51">
         <name>.text</name>
         <load_address>0x1d0ac</load_address>
         <run_address>0x1d0ac</run_address>
         <size>0x2b8</size>
         <input_file_ref idref="fl-25"/>
      </object_component>
      <object_component id="oc-e9">
         <name>.text</name>
         <load_address>0x1d364</load_address>
         <run_address>0x1d364</run_address>
         <size>0x134</size>
         <input_file_ref idref="fl-23"/>
      </object_component>
      <object_component id="oc-27">
         <name>.text</name>
         <load_address>0x1d498</load_address>
         <run_address>0x1d498</run_address>
         <size>0x112</size>
         <input_file_ref idref="fl-35"/>
      </object_component>
      <object_component id="oc-16a">
         <name>.text</name>
         <load_address>0x1d5ac</load_address>
         <run_address>0x1d5ac</run_address>
         <size>0x100</size>
         <input_file_ref idref="fl-20"/>
      </object_component>
      <object_component id="oc-57">
         <name>.text</name>
         <load_address>0x1d6ac</load_address>
         <run_address>0x1d6ac</run_address>
         <size>0xc8</size>
         <input_file_ref idref="fl-2d"/>
      </object_component>
      <object_component id="oc-39">
         <name>.text</name>
         <load_address>0x1d774</load_address>
         <run_address>0x1d774</run_address>
         <size>0xc4</size>
         <input_file_ref idref="fl-29"/>
      </object_component>
      <object_component id="oc-3f">
         <name>.text</name>
         <load_address>0x1d838</load_address>
         <run_address>0x1d838</run_address>
         <size>0xbc</size>
         <input_file_ref idref="fl-2a"/>
      </object_component>
      <object_component id="oc-45">
         <name>.text</name>
         <load_address>0x1d8f4</load_address>
         <run_address>0x1d8f4</run_address>
         <size>0xbc</size>
         <input_file_ref idref="fl-2b"/>
      </object_component>
      <object_component id="oc-4b">
         <name>.text</name>
         <load_address>0x1d9b0</load_address>
         <run_address>0x1d9b0</run_address>
         <size>0xb8</size>
         <input_file_ref idref="fl-2c"/>
      </object_component>
      <object_component id="oc-77">
         <name>.text</name>
         <load_address>0x1da68</load_address>
         <run_address>0x1da68</run_address>
         <size>0x9c</size>
         <input_file_ref idref="fl-f7"/>
      </object_component>
      <object_component id="oc-101">
         <name>.text</name>
         <load_address>0x1db04</load_address>
         <run_address>0x1db04</run_address>
         <size>0x96</size>
         <input_file_ref idref="fl-ef"/>
      </object_component>
      <object_component id="oc-15e">
         <name>.text</name>
         <load_address>0x1db9c</load_address>
         <run_address>0x1db9c</run_address>
         <size>0x88</size>
         <input_file_ref idref="fl-22"/>
      </object_component>
      <object_component id="oc-2d">
         <name>.text</name>
         <load_address>0x1dc24</load_address>
         <run_address>0x1dc24</run_address>
         <size>0x7c</size>
         <input_file_ref idref="fl-27"/>
      </object_component>
      <object_component id="oc-127">
         <name>.text</name>
         <load_address>0x1dca0</load_address>
         <run_address>0x1dca0</run_address>
         <size>0x7a</size>
         <input_file_ref idref="fl-f8"/>
      </object_component>
      <object_component id="oc-15">
         <name>.text:decompress:lzss:__TI_decompress_lzss</name>
         <load_address>0x1dd1a</load_address>
         <run_address>0x1dd1a</run_address>
         <size>0x68</size>
         <input_file_ref idref="fl-f2"/>
      </object_component>
      <object_component id="oc-1d8">
         <name>.text:__TI_auto_init_nobinit_nopinit:__TI_auto_init_nobinit_nopinit</name>
         <load_address>0x1dd84</load_address>
         <run_address>0x1dd84</run_address>
         <size>0x44</size>
         <input_file_ref idref="fl-f9"/>
      </object_component>
      <object_component id="oc-164">
         <name>.text</name>
         <load_address>0x1ddc8</load_address>
         <run_address>0x1ddc8</run_address>
         <size>0x38</size>
         <input_file_ref idref="fl-1b"/>
      </object_component>
      <object_component id="oc-95">
         <name>.text:_c_int00_noargs:_c_int00_noargs</name>
         <load_address>0x1de00</load_address>
         <run_address>0x1de00</run_address>
         <size>0x34</size>
         <input_file_ref idref="fl-f5"/>
      </object_component>
      <object_component id="oc-1b">
         <name>.text:decompress:none:__TI_decompress_none</name>
         <load_address>0x1de34</load_address>
         <run_address>0x1de34</run_address>
         <size>0xe</size>
         <input_file_ref idref="fl-f1"/>
      </object_component>
      <object_component id="oc-89">
         <name>.text:decompress:ZI:__TI_zero_init</name>
         <load_address>0x1de42</load_address>
         <run_address>0x1de42</run_address>
         <size>0xc</size>
         <input_file_ref idref="fl-f0"/>
      </object_component>
      <object_component id="oc-12d">
         <name>.text:_system_pre_init</name>
         <load_address>0x1de4e</load_address>
         <run_address>0x1de4e</run_address>
         <size>0x4</size>
         <input_file_ref idref="fl-fa"/>
      </object_component>
      <object_component id="oc-1cc">
         <name>.text:abort:abort</name>
         <load_address>0x1de52</load_address>
         <run_address>0x1de52</run_address>
         <size>0x4</size>
         <input_file_ref idref="fl-fc"/>
      </object_component>
      <object_component id="oc-27d">
         <name>.const:dermot_data</name>
         <load_address>0x26c</load_address>
         <run_address>0x26c</run_address>
         <size>0x4e34</size>
         <input_file_ref idref="fl-9"/>
      </object_component>
      <object_component id="oc-289">
         <name>.const:eye_data</name>
         <load_address>0x50a0</load_address>
         <run_address>0x50a0</run_address>
         <size>0x4e34</size>
         <input_file_ref idref="fl-d"/>
      </object_component>
      <object_component id="oc-182">
         <name>.const:map_data</name>
         <load_address>0x9ed4</load_address>
         <run_address>0x9ed4</run_address>
         <size>0x4e34</size>
         <input_file_ref idref="fl-15"/>
      </object_component>
      <object_component id="oc-283">
         <name>.const:vote_data</name>
         <load_address>0xed08</load_address>
         <run_address>0xed08</run_address>
         <size>0x4e34</size>
         <input_file_ref idref="fl-17"/>
      </object_component>
      <object_component id="oc-225">
         <name>.const:.string:Font</name>
         <load_address>0x13b3c</load_address>
         <run_address>0x13b3c</run_address>
         <size>0x4fb</size>
         <input_file_ref idref="fl-26"/>
      </object_component>
      <object_component id="oc-280">
         <name>.const:dermot_palette</name>
         <load_address>0x14037</load_address>
         <run_address>0x14037</run_address>
         <size>0x300</size>
         <input_file_ref idref="fl-a"/>
      </object_component>
      <object_component id="oc-28c">
         <name>.const:eye_palette</name>
         <load_address>0x14337</load_address>
         <run_address>0x14337</run_address>
         <size>0x300</size>
         <input_file_ref idref="fl-e"/>
      </object_component>
      <object_component id="oc-185">
         <name>.const:map_palette</name>
         <load_address>0x14637</load_address>
         <run_address>0x14637</run_address>
         <size>0x300</size>
         <input_file_ref idref="fl-16"/>
      </object_component>
      <object_component id="oc-286">
         <name>.const:vote_palette</name>
         <load_address>0x14937</load_address>
         <run_address>0x14937</run_address>
         <size>0x300</size>
         <input_file_ref idref="fl-18"/>
      </object_component>
      <object_component id="oc-230">
         <name>.const:.string:dBfs</name>
         <load_address>0x14c37</load_address>
         <run_address>0x14c37</run_address>
         <size>0x200</size>
         <input_file_ref idref="fl-26"/>
      </object_component>
      <object_component id="oc-20d">
         <name>.const:.string:Bcmd</name>
         <load_address>0x14e37</load_address>
         <run_address>0x14e37</run_address>
         <size>0x67</size>
         <input_file_ref idref="fl-26"/>
      </object_component>
      <object_component id="oc-194">
         <name>.const</name>
         <load_address>0x14e9e</load_address>
         <run_address>0x14e9e</run_address>
         <size>0x1</size>
         <input_file_ref idref="fl-2"/>
      </object_component>
      <object_component id="oc-18e">
         <name>.const:animations</name>
         <load_address>0x14ea0</load_address>
         <run_address>0x14ea0</run_address>
         <size>0x60</size>
         <input_file_ref idref="fl-2"/>
      </object_component>
      <object_component id="oc-191">
         <name>.const:pictures</name>
         <load_address>0x14f00</load_address>
         <run_address>0x14f00</run_address>
         <size>0x60</size>
         <input_file_ref idref="fl-2"/>
      </object_component>
      <object_component id="oc-271">
         <name>.const:.string</name>
         <load_address>0x14f60</load_address>
         <run_address>0x14f60</run_address>
         <size>0x54</size>
         <input_file_ref idref="fl-2"/>
      </object_component>
      <object_component id="oc-222">
         <name>.const:circle</name>
         <load_address>0x14fb4</load_address>
         <run_address>0x14fb4</run_address>
         <size>0x3c</size>
         <input_file_ref idref="fl-26"/>
      </object_component>
      <object_component id="oc-213">
         <name>.const:.string:Rcmd1</name>
         <load_address>0x14ff0</load_address>
         <run_address>0x14ff0</run_address>
         <size>0x3b</size>
         <input_file_ref idref="fl-26"/>
      </object_component>
      <object_component id="oc-275">
         <name>.const:baby_palette</name>
         <load_address>0x1502b</load_address>
         <run_address>0x1502b</run_address>
         <size>0x30</size>
         <input_file_ref idref="fl-4"/>
      </object_component>
      <object_component id="oc-278">
         <name>.const:boi_palette</name>
         <load_address>0x1505b</load_address>
         <run_address>0x1505b</run_address>
         <size>0x30</size>
         <input_file_ref idref="fl-6"/>
      </object_component>
      <object_component id="oc-25b">
         <name>.const:cat_space_palette</name>
         <load_address>0x1508b</load_address>
         <run_address>0x1508b</run_address>
         <size>0x30</size>
         <input_file_ref idref="fl-8"/>
      </object_component>
      <object_component id="oc-272">
         <name>.const:frog_palette</name>
         <load_address>0x150bb</load_address>
         <run_address>0x150bb</run_address>
         <size>0x30</size>
         <input_file_ref idref="fl-10"/>
      </object_component>
      <object_component id="oc-21c">
         <name>.const:.string:Rcmd3</name>
         <load_address>0x150eb</load_address>
         <run_address>0x150eb</run_address>
         <size>0x2b</size>
         <input_file_ref idref="fl-26"/>
      </object_component>
      <object_component id="oc-21f">
         <name>.const:smallCircle</name>
         <load_address>0x15116</load_address>
         <run_address>0x15116</run_address>
         <size>0x24</size>
         <input_file_ref idref="fl-26"/>
      </object_component>
      <object_component id="oc-b9">
         <name>.const:COLORWHEEL</name>
         <load_address>0x1513c</load_address>
         <run_address>0x1513c</run_address>
         <size>0x1c</size>
         <input_file_ref idref="fl-1d"/>
      </object_component>
      <object_component id="oc-24d">
         <name>.const:cst$2</name>
         <load_address>0x15158</load_address>
         <run_address>0x15158</run_address>
         <size>0x16</size>
         <input_file_ref idref="fl-34"/>
      </object_component>
      <object_component id="oc-24c">
         <name>.const:vst$1</name>
         <load_address>0x1516e</load_address>
         <run_address>0x1516e</run_address>
         <size>0x16</size>
         <input_file_ref idref="fl-34"/>
      </object_component>
      <object_component id="oc-216">
         <name>.const:.string:Rcmd2green</name>
         <load_address>0x15184</load_address>
         <run_address>0x15184</run_address>
         <size>0xd</size>
         <input_file_ref idref="fl-26"/>
      </object_component>
      <object_component id="oc-219">
         <name>.const:.string:Rcmd2red</name>
         <load_address>0x15191</load_address>
         <run_address>0x15191</run_address>
         <size>0xd</size>
         <input_file_ref idref="fl-26"/>
      </object_component>
      <object_component id="oc-379">
         <name>.cinit..data.load</name>
         <load_address>0x1de58</load_address>
         <run_address>0x1de58</run_address>
         <size>0x4b</size>
      </object_component>
      <object_component id="oc-377">
         <name>__TI_handler_table</name>
         <load_address>0x1dea4</load_address>
         <run_address>0x1dea4</run_address>
         <size>0xc</size>
      </object_component>
      <object_component id="oc-37a">
         <name>.cinit..bss.load</name>
         <load_address>0x1deb0</load_address>
         <run_address>0x1deb0</run_address>
         <size>0x8</size>
      </object_component>
      <object_component id="oc-378">
         <name>__TI_cinit_table</name>
         <load_address>0x1deb8</load_address>
         <run_address>0x1deb8</run_address>
         <size>0x10</size>
      </object_component>
      <object_component id="oc-17c">
         <name>.data</name>
         <load_address>0x20005ef8</load_address>
         <run_address>0x20005ef8</run_address>
         <size>0x30</size>
         <input_file_ref idref="fl-2"/>
      </object_component>
      <object_component id="oc-bc">
         <name>.data</name>
         <load_address>0x20005f78</load_address>
         <run_address>0x20005f78</run_address>
         <size>0xa</size>
         <input_file_ref idref="fl-1d"/>
      </object_component>
      <object_component id="oc-bf">
         <name>.data</name>
         <load_address>0x20005f68</load_address>
         <run_address>0x20005f68</run_address>
         <size>0xd</size>
         <input_file_ref idref="fl-1e"/>
      </object_component>
      <object_component id="oc-106">
         <name>.data</name>
         <load_address>0x20005f28</load_address>
         <run_address>0x20005f28</run_address>
         <size>0x2c</size>
         <input_file_ref idref="fl-21"/>
      </object_component>
      <object_component id="oc-e0">
         <name>.data</name>
         <load_address>0x20005f75</load_address>
         <run_address>0x20005f75</run_address>
         <size>0x1</size>
         <input_file_ref idref="fl-25"/>
      </object_component>
      <object_component id="oc-210">
         <name>.data</name>
         <load_address>0x20005f54</load_address>
         <run_address>0x20005f54</run_address>
         <size>0x14</size>
         <input_file_ref idref="fl-26"/>
      </object_component>
      <object_component id="oc-aa">
         <name>.data</name>
         <load_address>0x20005f84</load_address>
         <run_address>0x20005f84</run_address>
         <size>0x4</size>
         <input_file_ref idref="fl-27"/>
      </object_component>
      <object_component id="oc-f2">
         <name>.data</name>
         <load_address>0x20005f76</load_address>
         <run_address>0x20005f76</run_address>
         <size>0x1</size>
         <input_file_ref idref="fl-32"/>
      </object_component>
      <object_component id="oc-255">
         <name>.bss:DMA_FRAME</name>
         <uninitialized>true</uninitialized>
         <run_address>0x20005650</run_address>
         <size>0x250</size>
         <input_file_ref idref="fl-2"/>
      </object_component>
      <object_component id="oc-258">
         <name>.bss:BUF_FRAME</name>
         <uninitialized>true</uninitialized>
         <run_address>0x20005400</run_address>
         <size>0x250</size>
         <input_file_ref idref="fl-2"/>
      </object_component>
      <object_component id="oc-18b">
         <name>.bss:sdMem</name>
         <uninitialized>true</uninitialized>
         <run_address>0x20000000</run_address>
         <size>0x4ec0</size>
         <input_file_ref idref="fl-2"/>
      </object_component>
      <object_component id="oc-188">
         <name>.bss:g_sFatFs</name>
         <uninitialized>true</uninitialized>
         <run_address>0x200058a0</run_address>
         <size>0x234</size>
         <input_file_ref idref="fl-2"/>
      </object_component>
      <object_component id="oc-17f">
         <name>.bss:g_File</name>
         <uninitialized>true</uninitialized>
         <run_address>0x20005ad4</run_address>
         <size>0x224</size>
         <input_file_ref idref="fl-2"/>
      </object_component>
      <object_component id="oc-dd">
         <name>.bss</name>
         <uninitialized>true</uninitialized>
         <run_address>0x20004ec0</run_address>
         <size>0xc</size>
         <input_file_ref idref="fl-25"/>
      </object_component>
      <object_component id="oc-20a">
         <name>.bss</name>
         <uninitialized>true</uninitialized>
         <run_address>0x20004ee8</run_address>
         <size>0x4</size>
         <input_file_ref idref="fl-26"/>
      </object_component>
      <object_component id="oc-ef">
         <name>.bss</name>
         <uninitialized>true</uninitialized>
         <run_address>0x20004ed8</run_address>
         <size>0x9</size>
         <input_file_ref idref="fl-32"/>
      </object_component>
      <object_component id="oc-246">
         <name>.bss:FatFs</name>
         <uninitialized>true</uninitialized>
         <run_address>0x20004ee4</run_address>
         <size>0x4</size>
         <input_file_ref idref="fl-34"/>
      </object_component>
      <object_component id="oc-249">
         <name>.bss</name>
         <uninitialized>true</uninitialized>
         <run_address>0x20004ee2</run_address>
         <size>0x2</size>
         <input_file_ref idref="fl-34"/>
      </object_component>
      <object_component id="oc-197">
         <name>.common:raw</name>
         <uninitialized>true</uninitialized>
         <run_address>0x20004f14</run_address>
         <size>0x2</size>
      </object_component>
      <object_component id="oc-da">
         <name>.common:ucControlTable</name>
         <uninitialized>true</uninitialized>
         <run_address>0x20005000</run_address>
         <size>0x400</size>
      </object_component>
      <object_component id="oc-228">
         <name>.common:Message</name>
         <uninitialized>true</uninitialized>
         <run_address>0x20004ecc</run_address>
         <size>0xc</size>
      </object_component>
      <object_component id="oc-22b">
         <name>.common:Messageindex</name>
         <uninitialized>true</uninitialized>
         <run_address>0x20004eec</run_address>
         <size>0x4</size>
      </object_component>
      <object_component id="oc-22c">
         <name>.common:Ymax</name>
         <uninitialized>true</uninitialized>
         <run_address>0x20004f08</run_address>
         <size>0x4</size>
      </object_component>
      <object_component id="oc-22d">
         <name>.common:Ymin</name>
         <uninitialized>true</uninitialized>
         <run_address>0x20004f0c</run_address>
         <size>0x4</size>
      </object_component>
      <object_component id="oc-22f">
         <name>.common:X</name>
         <uninitialized>true</uninitialized>
         <run_address>0x20004f04</run_address>
         <size>0x4</size>
      </object_component>
      <object_component id="oc-22e">
         <name>.common:Yrange</name>
         <uninitialized>true</uninitialized>
         <run_address>0x20004f10</run_address>
         <size>0x4</size>
      </object_component>
      <object_component id="oc-c4">
         <name>.common:PeriodicTask0</name>
         <uninitialized>true</uninitialized>
         <run_address>0x20004ef0</run_address>
         <size>0x4</size>
      </object_component>
      <object_component id="oc-c8">
         <name>.common:PeriodicTask1</name>
         <uninitialized>true</uninitialized>
         <run_address>0x20004ef4</run_address>
         <size>0x4</size>
      </object_component>
      <object_component id="oc-cc">
         <name>.common:PeriodicTask2</name>
         <uninitialized>true</uninitialized>
         <run_address>0x20004ef8</run_address>
         <size>0x4</size>
      </object_component>
      <object_component id="oc-d0">
         <name>.common:PeriodicTask3</name>
         <uninitialized>true</uninitialized>
         <run_address>0x20004efc</run_address>
         <size>0x4</size>
      </object_component>
      <object_component id="oc-e5">
         <name>.common:PeriodicTask4</name>
         <uninitialized>true</uninitialized>
         <run_address>0x20004f00</run_address>
         <size>0x4</size>
      </object_component>
      <object_component id="oc-24">
         <name>.stack</name>
         <uninitialized>true</uninitialized>
         <run_address>0x20005cf8</run_address>
         <size>0x4</size>
         <input_file_ref idref="fl-f5"/>
      </object_component>
      <object_component id="oc-37c">
         <name>.stack</name>
         <uninitialized>true</uninitialized>
         <run_address>0x20005cf8</run_address>
         <size>0x0</size>
      </object_component>
      <object_component id="oc-198">
         <name>.debug_info</name>
         <load_address>0x0</load_address>
         <run_address>0x0</run_address>
         <size>0xb1d</size>
         <input_file_ref idref="fl-2"/>
      </object_component>
      <object_component id="oc-17d">
         <name>.debug_info</name>
         <load_address>0xb1d</load_address>
         <run_address>0xb1d</run_address>
         <size>0x333</size>
         <input_file_ref idref="fl-2"/>
      </object_component>
      <object_component id="oc-256">
         <name>.debug_info</name>
         <load_address>0xe50</load_address>
         <run_address>0xe50</run_address>
         <size>0xe3</size>
         <input_file_ref idref="fl-2"/>
      </object_component>
      <object_component id="oc-259">
         <name>.debug_info</name>
         <load_address>0xf33</load_address>
         <run_address>0xf33</run_address>
         <size>0xe3</size>
         <input_file_ref idref="fl-2"/>
      </object_component>
      <object_component id="oc-18c">
         <name>.debug_info</name>
         <load_address>0x1016</load_address>
         <run_address>0x1016</run_address>
         <size>0xdb</size>
         <input_file_ref idref="fl-2"/>
      </object_component>
      <object_component id="oc-189">
         <name>.debug_info</name>
         <load_address>0x10f1</load_address>
         <run_address>0x10f1</run_address>
         <size>0xe1</size>
         <input_file_ref idref="fl-2"/>
      </object_component>
      <object_component id="oc-180">
         <name>.debug_info</name>
         <load_address>0x11d2</load_address>
         <run_address>0x11d2</run_address>
         <size>0xdd</size>
         <input_file_ref idref="fl-2"/>
      </object_component>
      <object_component id="oc-195">
         <name>.debug_info</name>
         <load_address>0x12af</load_address>
         <run_address>0x12af</run_address>
         <size>0xe5</size>
         <input_file_ref idref="fl-2"/>
      </object_component>
      <object_component id="oc-192">
         <name>.debug_info</name>
         <load_address>0x1394</load_address>
         <run_address>0x1394</run_address>
         <size>0xe1</size>
         <input_file_ref idref="fl-2"/>
      </object_component>
      <object_component id="oc-18f">
         <name>.debug_info</name>
         <load_address>0x1475</load_address>
         <run_address>0x1475</run_address>
         <size>0xe5</size>
         <input_file_ref idref="fl-2"/>
      </object_component>
      <object_component id="oc-d5">
         <name>.debug_info</name>
         <load_address>0x155a</load_address>
         <run_address>0x155a</run_address>
         <size>0xc71</size>
         <input_file_ref idref="fl-2"/>
      </object_component>
      <object_component id="oc-26c">
         <name>.debug_info</name>
         <load_address>0x21cb</load_address>
         <run_address>0x21cb</run_address>
         <size>0x1a2</size>
         <input_file_ref idref="fl-2"/>
      </object_component>
      <object_component id="oc-250">
         <name>.debug_info</name>
         <load_address>0x236d</load_address>
         <run_address>0x236d</run_address>
         <size>0x4c5</size>
         <input_file_ref idref="fl-2"/>
      </object_component>
      <object_component id="oc-1b7">
         <name>.debug_info</name>
         <load_address>0x2832</load_address>
         <run_address>0x2832</run_address>
         <size>0x51</size>
         <input_file_ref idref="fl-2"/>
      </object_component>
      <object_component id="oc-fc">
         <name>.debug_info</name>
         <load_address>0x2883</load_address>
         <run_address>0x2883</run_address>
         <size>0x70</size>
         <input_file_ref idref="fl-2"/>
      </object_component>
      <object_component id="oc-10d">
         <name>.debug_info</name>
         <load_address>0x28f3</load_address>
         <run_address>0x28f3</run_address>
         <size>0x26b</size>
         <input_file_ref idref="fl-2"/>
      </object_component>
      <object_component id="oc-72">
         <name>.debug_info</name>
         <load_address>0x2b5e</load_address>
         <run_address>0x2b5e</run_address>
         <size>0x84</size>
         <input_file_ref idref="fl-2"/>
      </object_component>
      <object_component id="oc-141">
         <name>.debug_info</name>
         <load_address>0x2be2</load_address>
         <run_address>0x2be2</run_address>
         <size>0x2a4</size>
         <input_file_ref idref="fl-2"/>
      </object_component>
      <object_component id="oc-ae">
         <name>.debug_info</name>
         <load_address>0x2e86</load_address>
         <run_address>0x2e86</run_address>
         <size>0xbb</size>
         <input_file_ref idref="fl-2"/>
      </object_component>
      <object_component id="oc-f6">
         <name>.debug_info</name>
         <load_address>0x2f41</load_address>
         <run_address>0x2f41</run_address>
         <size>0x87</size>
         <input_file_ref idref="fl-2"/>
      </object_component>
      <object_component id="oc-234">
         <name>.debug_info</name>
         <load_address>0x2fc8</load_address>
         <run_address>0x2fc8</run_address>
         <size>0x51</size>
         <input_file_ref idref="fl-2"/>
      </object_component>
      <object_component id="oc-2f4">
         <name>.debug_info</name>
         <load_address>0x3019</load_address>
         <run_address>0x3019</run_address>
         <size>0x105</size>
         <input_file_ref idref="fl-4"/>
      </object_component>
      <object_component id="oc-276">
         <name>.debug_info</name>
         <load_address>0x311e</load_address>
         <run_address>0x311e</run_address>
         <size>0xf9</size>
         <input_file_ref idref="fl-4"/>
      </object_component>
      <object_component id="oc-2f7">
         <name>.debug_info</name>
         <load_address>0x3217</load_address>
         <run_address>0x3217</run_address>
         <size>0x103</size>
         <input_file_ref idref="fl-6"/>
      </object_component>
      <object_component id="oc-279">
         <name>.debug_info</name>
         <load_address>0x331a</load_address>
         <run_address>0x331a</run_address>
         <size>0xf5</size>
         <input_file_ref idref="fl-6"/>
      </object_component>
      <object_component id="oc-2ea">
         <name>.debug_info</name>
         <load_address>0x340f</load_address>
         <run_address>0x340f</run_address>
         <size>0x10f</size>
         <input_file_ref idref="fl-8"/>
      </object_component>
      <object_component id="oc-25c">
         <name>.debug_info</name>
         <load_address>0x351e</load_address>
         <run_address>0x351e</run_address>
         <size>0x10d</size>
         <input_file_ref idref="fl-8"/>
      </object_component>
      <object_component id="oc-2fa">
         <name>.debug_info</name>
         <load_address>0x362b</load_address>
         <run_address>0x362b</run_address>
         <size>0x107</size>
         <input_file_ref idref="fl-9"/>
      </object_component>
      <object_component id="oc-27e">
         <name>.debug_info</name>
         <load_address>0x3732</load_address>
         <run_address>0x3732</run_address>
         <size>0xf8</size>
         <input_file_ref idref="fl-9"/>
      </object_component>
      <object_component id="oc-2fd">
         <name>.debug_info</name>
         <load_address>0x382a</load_address>
         <run_address>0x382a</run_address>
         <size>0x10a</size>
         <input_file_ref idref="fl-a"/>
      </object_component>
      <object_component id="oc-281">
         <name>.debug_info</name>
         <load_address>0x3934</load_address>
         <run_address>0x3934</run_address>
         <size>0x101</size>
         <input_file_ref idref="fl-a"/>
      </object_component>
      <object_component id="oc-306">
         <name>.debug_info</name>
         <load_address>0x3a35</load_address>
         <run_address>0x3a35</run_address>
         <size>0x101</size>
         <input_file_ref idref="fl-d"/>
      </object_component>
      <object_component id="oc-28a">
         <name>.debug_info</name>
         <load_address>0x3b36</load_address>
         <run_address>0x3b36</run_address>
         <size>0xec</size>
         <input_file_ref idref="fl-d"/>
      </object_component>
      <object_component id="oc-309">
         <name>.debug_info</name>
         <load_address>0x3c22</load_address>
         <run_address>0x3c22</run_address>
         <size>0x104</size>
         <input_file_ref idref="fl-e"/>
      </object_component>
      <object_component id="oc-28d">
         <name>.debug_info</name>
         <load_address>0x3d26</load_address>
         <run_address>0x3d26</run_address>
         <size>0xf5</size>
         <input_file_ref idref="fl-e"/>
      </object_component>
      <object_component id="oc-2f1">
         <name>.debug_info</name>
         <load_address>0x3e1b</load_address>
         <run_address>0x3e1b</run_address>
         <size>0x105</size>
         <input_file_ref idref="fl-10"/>
      </object_component>
      <object_component id="oc-273">
         <name>.debug_info</name>
         <load_address>0x3f20</load_address>
         <run_address>0x3f20</run_address>
         <size>0xf9</size>
         <input_file_ref idref="fl-10"/>
      </object_component>
      <object_component id="oc-264">
         <name>.debug_info</name>
         <load_address>0x4019</load_address>
         <run_address>0x4019</run_address>
         <size>0xfd</size>
         <input_file_ref idref="fl-15"/>
      </object_component>
      <object_component id="oc-183">
         <name>.debug_info</name>
         <load_address>0x4116</load_address>
         <run_address>0x4116</run_address>
         <size>0xe8</size>
         <input_file_ref idref="fl-15"/>
      </object_component>
      <object_component id="oc-267">
         <name>.debug_info</name>
         <load_address>0x41fe</load_address>
         <run_address>0x41fe</run_address>
         <size>0x100</size>
         <input_file_ref idref="fl-16"/>
      </object_component>
      <object_component id="oc-186">
         <name>.debug_info</name>
         <load_address>0x42fe</load_address>
         <run_address>0x42fe</run_address>
         <size>0xf1</size>
         <input_file_ref idref="fl-16"/>
      </object_component>
      <object_component id="oc-300">
         <name>.debug_info</name>
         <load_address>0x43ef</load_address>
         <run_address>0x43ef</run_address>
         <size>0x103</size>
         <input_file_ref idref="fl-17"/>
      </object_component>
      <object_component id="oc-284">
         <name>.debug_info</name>
         <load_address>0x44f2</load_address>
         <run_address>0x44f2</run_address>
         <size>0xf0</size>
         <input_file_ref idref="fl-17"/>
      </object_component>
      <object_component id="oc-303">
         <name>.debug_info</name>
         <load_address>0x45e2</load_address>
         <run_address>0x45e2</run_address>
         <size>0x106</size>
         <input_file_ref idref="fl-18"/>
      </object_component>
      <object_component id="oc-287">
         <name>.debug_info</name>
         <load_address>0x46e8</load_address>
         <run_address>0x46e8</run_address>
         <size>0xf9</size>
         <input_file_ref idref="fl-18"/>
      </object_component>
      <object_component id="oc-db">
         <name>.debug_info</name>
         <load_address>0x47e1</load_address>
         <run_address>0x47e1</run_address>
         <size>0x2bd</size>
         <input_file_ref idref="fl-1b"/>
      </object_component>
      <object_component id="oc-165">
         <name>.debug_info</name>
         <load_address>0x4a9e</load_address>
         <run_address>0x4a9e</run_address>
         <size>0x153</size>
         <input_file_ref idref="fl-1b"/>
      </object_component>
      <object_component id="oc-298">
         <name>.debug_info</name>
         <load_address>0x4bf1</load_address>
         <run_address>0x4bf1</run_address>
         <size>0x8b</size>
         <input_file_ref idref="fl-1c"/>
      </object_component>
      <object_component id="oc-c3">
         <name>.debug_info</name>
         <load_address>0x4c7c</load_address>
         <run_address>0x4c7c</run_address>
         <size>0x37e</size>
         <input_file_ref idref="fl-1d"/>
      </object_component>
      <object_component id="oc-ba">
         <name>.debug_info</name>
         <load_address>0x4ffa</load_address>
         <run_address>0x4ffa</run_address>
         <size>0xee</size>
         <input_file_ref idref="fl-1d"/>
      </object_component>
      <object_component id="oc-bd">
         <name>.debug_info</name>
         <load_address>0x50e8</load_address>
         <run_address>0x50e8</run_address>
         <size>0x147</size>
         <input_file_ref idref="fl-1d"/>
      </object_component>
      <object_component id="oc-36">
         <name>.debug_info</name>
         <load_address>0x522f</load_address>
         <run_address>0x522f</run_address>
         <size>0x46a</size>
         <input_file_ref idref="fl-1d"/>
      </object_component>
      <object_component id="oc-14d">
         <name>.debug_info</name>
         <load_address>0x5699</load_address>
         <run_address>0x5699</run_address>
         <size>0x576</size>
         <input_file_ref idref="fl-1e"/>
      </object_component>
      <object_component id="oc-c0">
         <name>.debug_info</name>
         <load_address>0x5c0f</load_address>
         <run_address>0x5c0f</run_address>
         <size>0x21e</size>
         <input_file_ref idref="fl-1e"/>
      </object_component>
      <object_component id="oc-b4">
         <name>.debug_info</name>
         <load_address>0x5e2d</load_address>
         <run_address>0x5e2d</run_address>
         <size>0xfd6</size>
         <input_file_ref idref="fl-1e"/>
      </object_component>
      <object_component id="oc-23b">
         <name>.debug_info</name>
         <load_address>0x6e03</load_address>
         <run_address>0x6e03</run_address>
         <size>0x51</size>
         <input_file_ref idref="fl-1e"/>
      </object_component>
      <object_component id="oc-1c3">
         <name>.debug_info</name>
         <load_address>0x6e54</load_address>
         <run_address>0x6e54</run_address>
         <size>0x2c</size>
         <input_file_ref idref="fl-1f"/>
      </object_component>
      <object_component id="oc-243">
         <name>.debug_info</name>
         <load_address>0x6e80</load_address>
         <run_address>0x6e80</run_address>
         <size>0x27a</size>
         <input_file_ref idref="fl-20"/>
      </object_component>
      <object_component id="oc-16b">
         <name>.debug_info</name>
         <load_address>0x70fa</load_address>
         <run_address>0x70fa</run_address>
         <size>0x1a3</size>
         <input_file_ref idref="fl-20"/>
      </object_component>
      <object_component id="oc-10a">
         <name>.debug_info</name>
         <load_address>0x729d</load_address>
         <run_address>0x729d</run_address>
         <size>0x2a3</size>
         <input_file_ref idref="fl-21"/>
      </object_component>
      <object_component id="oc-107">
         <name>.debug_info</name>
         <load_address>0x7540</load_address>
         <run_address>0x7540</run_address>
         <size>0x365</size>
         <input_file_ref idref="fl-21"/>
      </object_component>
      <object_component id="oc-64">
         <name>.debug_info</name>
         <load_address>0x78a5</load_address>
         <run_address>0x78a5</run_address>
         <size>0x8db</size>
         <input_file_ref idref="fl-21"/>
      </object_component>
      <object_component id="oc-160">
         <name>.debug_info</name>
         <load_address>0x8180</load_address>
         <run_address>0x8180</run_address>
         <size>0x14d</size>
         <input_file_ref idref="fl-22"/>
      </object_component>
      <object_component id="oc-1a6">
         <name>.debug_info</name>
         <load_address>0x82cd</load_address>
         <run_address>0x82cd</run_address>
         <size>0x2b5</size>
         <input_file_ref idref="fl-23"/>
      </object_component>
      <object_component id="oc-ec">
         <name>.debug_info</name>
         <load_address>0x8582</load_address>
         <run_address>0x8582</run_address>
         <size>0x21a</size>
         <input_file_ref idref="fl-23"/>
      </object_component>
      <object_component id="oc-245">
         <name>.debug_info</name>
         <load_address>0x879c</load_address>
         <run_address>0x879c</run_address>
         <size>0x2ae</size>
         <input_file_ref idref="fl-24"/>
      </object_component>
      <object_component id="oc-172">
         <name>.debug_info</name>
         <load_address>0x8a4a</load_address>
         <run_address>0x8a4a</run_address>
         <size>0x126e</size>
         <input_file_ref idref="fl-24"/>
      </object_component>
      <object_component id="oc-e4">
         <name>.debug_info</name>
         <load_address>0x9cb8</load_address>
         <run_address>0x9cb8</run_address>
         <size>0x2f6</size>
         <input_file_ref idref="fl-25"/>
      </object_component>
      <object_component id="oc-de">
         <name>.debug_info</name>
         <load_address>0x9fae</load_address>
         <run_address>0x9fae</run_address>
         <size>0x136</size>
         <input_file_ref idref="fl-25"/>
      </object_component>
      <object_component id="oc-e1">
         <name>.debug_info</name>
         <load_address>0xa0e4</load_address>
         <run_address>0xa0e4</run_address>
         <size>0xf3</size>
         <input_file_ref idref="fl-25"/>
      </object_component>
      <object_component id="oc-52">
         <name>.debug_info</name>
         <load_address>0xa1d7</load_address>
         <run_address>0xa1d7</run_address>
         <size>0x523</size>
         <input_file_ref idref="fl-25"/>
      </object_component>
      <object_component id="oc-229">
         <name>.debug_info</name>
         <load_address>0xa6fa</load_address>
         <run_address>0xa6fa</run_address>
         <size>0x422</size>
         <input_file_ref idref="fl-26"/>
      </object_component>
      <object_component id="oc-211">
         <name>.debug_info</name>
         <load_address>0xab1c</load_address>
         <run_address>0xab1c</run_address>
         <size>0x179</size>
         <input_file_ref idref="fl-26"/>
      </object_component>
      <object_component id="oc-226">
         <name>.debug_info</name>
         <load_address>0xac95</load_address>
         <run_address>0xac95</run_address>
         <size>0xe5</size>
         <input_file_ref idref="fl-26"/>
      </object_component>
      <object_component id="oc-20b">
         <name>.debug_info</name>
         <load_address>0xad7a</load_address>
         <run_address>0xad7a</run_address>
         <size>0x150</size>
         <input_file_ref idref="fl-26"/>
      </object_component>
      <object_component id="oc-20e">
         <name>.debug_info</name>
         <load_address>0xaeca</load_address>
         <run_address>0xaeca</run_address>
         <size>0xe5</size>
         <input_file_ref idref="fl-26"/>
      </object_component>
      <object_component id="oc-214">
         <name>.debug_info</name>
         <load_address>0xafaf</load_address>
         <run_address>0xafaf</run_address>
         <size>0xe7</size>
         <input_file_ref idref="fl-26"/>
      </object_component>
      <object_component id="oc-217">
         <name>.debug_info</name>
         <load_address>0xb096</load_address>
         <run_address>0xb096</run_address>
         <size>0xf1</size>
         <input_file_ref idref="fl-26"/>
      </object_component>
      <object_component id="oc-21a">
         <name>.debug_info</name>
         <load_address>0xb187</load_address>
         <run_address>0xb187</run_address>
         <size>0xed</size>
         <input_file_ref idref="fl-26"/>
      </object_component>
      <object_component id="oc-21d">
         <name>.debug_info</name>
         <load_address>0xb274</load_address>
         <run_address>0xb274</run_address>
         <size>0xe7</size>
         <input_file_ref idref="fl-26"/>
      </object_component>
      <object_component id="oc-220">
         <name>.debug_info</name>
         <load_address>0xb35b</load_address>
         <run_address>0xb35b</run_address>
         <size>0xf4</size>
         <input_file_ref idref="fl-26"/>
      </object_component>
      <object_component id="oc-223">
         <name>.debug_info</name>
         <load_address>0xb44f</load_address>
         <run_address>0xb44f</run_address>
         <size>0xea</size>
         <input_file_ref idref="fl-26"/>
      </object_component>
      <object_component id="oc-231">
         <name>.debug_info</name>
         <load_address>0xb539</load_address>
         <run_address>0xb539</run_address>
         <size>0xe6</size>
         <input_file_ref idref="fl-26"/>
      </object_component>
      <object_component id="oc-147">
         <name>.debug_info</name>
         <load_address>0xb61f</load_address>
         <run_address>0xb61f</run_address>
         <size>0x3798</size>
         <input_file_ref idref="fl-26"/>
      </object_component>
      <object_component id="oc-2d3">
         <name>.debug_info</name>
         <load_address>0xedb7</load_address>
         <run_address>0xedb7</run_address>
         <size>0xcc</size>
         <input_file_ref idref="fl-26"/>
      </object_component>
      <object_component id="oc-ab">
         <name>.debug_info</name>
         <load_address>0xee83</load_address>
         <run_address>0xee83</run_address>
         <size>0xee</size>
         <input_file_ref idref="fl-27"/>
      </object_component>
      <object_component id="oc-2e">
         <name>.debug_info</name>
         <load_address>0xef71</load_address>
         <run_address>0xef71</run_address>
         <size>0x256</size>
         <input_file_ref idref="fl-27"/>
      </object_component>
      <object_component id="oc-c5">
         <name>.debug_info</name>
         <load_address>0xf1c7</load_address>
         <run_address>0xf1c7</run_address>
         <size>0x2ac</size>
         <input_file_ref idref="fl-29"/>
      </object_component>
      <object_component id="oc-3a">
         <name>.debug_info</name>
         <load_address>0xf473</load_address>
         <run_address>0xf473</run_address>
         <size>0x29e</size>
         <input_file_ref idref="fl-29"/>
      </object_component>
      <object_component id="oc-c9">
         <name>.debug_info</name>
         <load_address>0xf711</load_address>
         <run_address>0xf711</run_address>
         <size>0x2ac</size>
         <input_file_ref idref="fl-2a"/>
      </object_component>
      <object_component id="oc-41">
         <name>.debug_info</name>
         <load_address>0xf9bd</load_address>
         <run_address>0xf9bd</run_address>
         <size>0x29e</size>
         <input_file_ref idref="fl-2a"/>
      </object_component>
      <object_component id="oc-cd">
         <name>.debug_info</name>
         <load_address>0xfc5b</load_address>
         <run_address>0xfc5b</run_address>
         <size>0x2ac</size>
         <input_file_ref idref="fl-2b"/>
      </object_component>
      <object_component id="oc-46">
         <name>.debug_info</name>
         <load_address>0xff07</load_address>
         <run_address>0xff07</run_address>
         <size>0x29e</size>
         <input_file_ref idref="fl-2b"/>
      </object_component>
      <object_component id="oc-d1">
         <name>.debug_info</name>
         <load_address>0x101a5</load_address>
         <run_address>0x101a5</run_address>
         <size>0x2ac</size>
         <input_file_ref idref="fl-2c"/>
      </object_component>
      <object_component id="oc-4e">
         <name>.debug_info</name>
         <load_address>0x10451</load_address>
         <run_address>0x10451</run_address>
         <size>0x29e</size>
         <input_file_ref idref="fl-2c"/>
      </object_component>
      <object_component id="oc-e6">
         <name>.debug_info</name>
         <load_address>0x106ef</load_address>
         <run_address>0x106ef</run_address>
         <size>0x2ac</size>
         <input_file_ref idref="fl-2d"/>
      </object_component>
      <object_component id="oc-58">
         <name>.debug_info</name>
         <load_address>0x1099b</load_address>
         <run_address>0x1099b</run_address>
         <size>0x33c</size>
         <input_file_ref idref="fl-2d"/>
      </object_component>
      <object_component id="oc-fb">
         <name>.debug_info</name>
         <load_address>0x10cd7</load_address>
         <run_address>0x10cd7</run_address>
         <size>0x2ff</size>
         <input_file_ref idref="fl-32"/>
      </object_component>
      <object_component id="oc-f3">
         <name>.debug_info</name>
         <load_address>0x10fd6</load_address>
         <run_address>0x10fd6</run_address>
         <size>0xf9</size>
         <input_file_ref idref="fl-32"/>
      </object_component>
      <object_component id="oc-f0">
         <name>.debug_info</name>
         <load_address>0x110cf</load_address>
         <run_address>0x110cf</run_address>
         <size>0x128</size>
         <input_file_ref idref="fl-32"/>
      </object_component>
      <object_component id="oc-5e">
         <name>.debug_info</name>
         <load_address>0x111f7</load_address>
         <run_address>0x111f7</run_address>
         <size>0x1330</size>
         <input_file_ref idref="fl-32"/>
      </object_component>
      <object_component id="oc-24f">
         <name>.debug_info</name>
         <load_address>0x12527</load_address>
         <run_address>0x12527</run_address>
         <size>0x456</size>
         <input_file_ref idref="fl-34"/>
      </object_component>
      <object_component id="oc-247">
         <name>.debug_info</name>
         <load_address>0x1297d</load_address>
         <run_address>0x1297d</run_address>
         <size>0xe3</size>
         <input_file_ref idref="fl-34"/>
      </object_component>
      <object_component id="oc-24a">
         <name>.debug_info</name>
         <load_address>0x12a60</load_address>
         <run_address>0x12a60</run_address>
         <size>0xe1</size>
         <input_file_ref idref="fl-34"/>
      </object_component>
      <object_component id="oc-177">
         <name>.debug_info</name>
         <load_address>0x12b41</load_address>
         <run_address>0x12b41</run_address>
         <size>0x3bbb</size>
         <input_file_ref idref="fl-34"/>
      </object_component>
      <object_component id="oc-6b">
         <name>.debug_info</name>
         <load_address>0x166fc</load_address>
         <run_address>0x166fc</run_address>
         <size>0x2c8</size>
         <input_file_ref idref="fl-35"/>
      </object_component>
      <object_component id="oc-13">
         <name>.debug_info</name>
         <load_address>0x169c4</load_address>
         <run_address>0x169c4</run_address>
         <size>0x107</size>
         <input_file_ref idref="fl-35"/>
      </object_component>
      <object_component id="oc-2a">
         <name>.debug_info</name>
         <load_address>0x16acb</load_address>
         <run_address>0x16acb</run_address>
         <size>0x45ca</size>
         <input_file_ref idref="fl-35"/>
      </object_component>
      <object_component id="oc-104">
         <name>.debug_info</name>
         <load_address>0x1b095</load_address>
         <run_address>0x1b095</run_address>
         <size>0x134</size>
         <input_file_ref idref="fl-ef"/>
      </object_component>
      <object_component id="oc-126">
         <name>.debug_info</name>
         <load_address>0x1b1c9</load_address>
         <run_address>0x1b1c9</run_address>
         <size>0x2d4</size>
         <input_file_ref idref="fl-f0"/>
      </object_component>
      <object_component id="oc-8b">
         <name>.debug_info</name>
         <load_address>0x1b49d</load_address>
         <run_address>0x1b49d</run_address>
         <size>0x1b5</size>
         <input_file_ref idref="fl-f0"/>
      </object_component>
      <object_component id="oc-121">
         <name>.debug_info</name>
         <load_address>0x1b652</load_address>
         <run_address>0x1b652</run_address>
         <size>0x46</size>
         <input_file_ref idref="fl-f0"/>
      </object_component>
      <object_component id="oc-82">
         <name>.debug_info</name>
         <load_address>0x1b698</load_address>
         <run_address>0x1b698</run_address>
         <size>0x2a8</size>
         <input_file_ref idref="fl-f1"/>
      </object_component>
      <object_component id="oc-1f">
         <name>.debug_info</name>
         <load_address>0x1b940</load_address>
         <run_address>0x1b940</run_address>
         <size>0x1ea</size>
         <input_file_ref idref="fl-f1"/>
      </object_component>
      <object_component id="oc-7d">
         <name>.debug_info</name>
         <load_address>0x1bb2a</load_address>
         <run_address>0x1bb2a</run_address>
         <size>0x46</size>
         <input_file_ref idref="fl-f1"/>
      </object_component>
      <object_component id="oc-119">
         <name>.debug_info</name>
         <load_address>0x1bb70</load_address>
         <run_address>0x1bb70</run_address>
         <size>0x2c</size>
         <input_file_ref idref="fl-f1"/>
      </object_component>
      <object_component id="oc-117">
         <name>.debug_info</name>
         <load_address>0x1bb9c</load_address>
         <run_address>0x1bb9c</run_address>
         <size>0x29e</size>
         <input_file_ref idref="fl-f2"/>
      </object_component>
      <object_component id="oc-19">
         <name>.debug_info</name>
         <load_address>0x1be3a</load_address>
         <run_address>0x1be3a</run_address>
         <size>0x250</size>
         <input_file_ref idref="fl-f2"/>
      </object_component>
      <object_component id="oc-6d">
         <name>.debug_info</name>
         <load_address>0x1c08a</load_address>
         <run_address>0x1c08a</run_address>
         <size>0x60</size>
         <input_file_ref idref="fl-f2"/>
      </object_component>
      <object_component id="oc-1bc">
         <name>.debug_info</name>
         <load_address>0x1c0ea</load_address>
         <run_address>0x1c0ea</run_address>
         <size>0x46</size>
         <input_file_ref idref="fl-f2"/>
      </object_component>
      <object_component id="oc-112">
         <name>.debug_info</name>
         <load_address>0x1c130</load_address>
         <run_address>0x1c130</run_address>
         <size>0x39</size>
         <input_file_ref idref="fl-f2"/>
      </object_component>
      <object_component id="oc-25">
         <name>.debug_info</name>
         <load_address>0x1c169</load_address>
         <run_address>0x1c169</run_address>
         <size>0x10b</size>
         <input_file_ref idref="fl-f5"/>
      </object_component>
      <object_component id="oc-96">
         <name>.debug_info</name>
         <load_address>0x1c274</load_address>
         <run_address>0x1c274</run_address>
         <size>0x1a9</size>
         <input_file_ref idref="fl-f5"/>
      </object_component>
      <object_component id="oc-1ae">
         <name>.debug_info</name>
         <load_address>0x1c41d</load_address>
         <run_address>0x1c41d</run_address>
         <size>0x115</size>
         <input_file_ref idref="fl-f6"/>
      </object_component>
      <object_component id="oc-7a">
         <name>.debug_info</name>
         <load_address>0x1c532</load_address>
         <run_address>0x1c532</run_address>
         <size>0x119</size>
         <input_file_ref idref="fl-f7"/>
      </object_component>
      <object_component id="oc-129">
         <name>.debug_info</name>
         <load_address>0x1c64b</load_address>
         <run_address>0x1c64b</run_address>
         <size>0x147</size>
         <input_file_ref idref="fl-f8"/>
      </object_component>
      <object_component id="oc-2a8">
         <name>.debug_info</name>
         <load_address>0x1c792</load_address>
         <run_address>0x1c792</run_address>
         <size>0x4b3</size>
         <input_file_ref idref="fl-f9"/>
      </object_component>
      <object_component id="oc-1db">
         <name>.debug_info</name>
         <load_address>0x1cc45</load_address>
         <run_address>0x1cc45</run_address>
         <size>0x1a6</size>
         <input_file_ref idref="fl-f9"/>
      </object_component>
      <object_component id="oc-31a">
         <name>.debug_info</name>
         <load_address>0x1cdeb</load_address>
         <run_address>0x1cdeb</run_address>
         <size>0x39</size>
         <input_file_ref idref="fl-f9"/>
      </object_component>
      <object_component id="oc-342">
         <name>.debug_info</name>
         <load_address>0x1ce24</load_address>
         <run_address>0x1ce24</run_address>
         <size>0x39</size>
         <input_file_ref idref="fl-f9"/>
      </object_component>
      <object_component id="oc-31f">
         <name>.debug_info</name>
         <load_address>0x1ce5d</load_address>
         <run_address>0x1ce5d</run_address>
         <size>0x39</size>
         <input_file_ref idref="fl-f9"/>
      </object_component>
      <object_component id="oc-324">
         <name>.debug_info</name>
         <load_address>0x1ce96</load_address>
         <run_address>0x1ce96</run_address>
         <size>0xcd</size>
         <input_file_ref idref="fl-f9"/>
      </object_component>
      <object_component id="oc-12e">
         <name>.debug_info</name>
         <load_address>0x1cf63</load_address>
         <run_address>0x1cf63</run_address>
         <size>0x153</size>
         <input_file_ref idref="fl-fa"/>
      </object_component>
      <object_component id="oc-1cd">
         <name>.debug_info</name>
         <load_address>0x1d0b6</load_address>
         <run_address>0x1d0b6</run_address>
         <size>0x122</size>
         <input_file_ref idref="fl-fc"/>
      </object_component>
      <object_component id="oc-37d">
         <name>.debug_info</name>
         <load_address>0x1d1d8</load_address>
         <run_address>0x1d1d8</run_address>
         <size>0xae</size>
      </object_component>
      <object_component id="oc-294">
         <name>.debug_line</name>
         <load_address>0x0</load_address>
         <run_address>0x0</run_address>
         <size>0x2f9</size>
         <input_file_ref idref="fl-2"/>
      </object_component>
      <object_component id="oc-25f">
         <name>.debug_line</name>
         <load_address>0x2f9</load_address>
         <run_address>0x2f9</run_address>
         <size>0x30</size>
         <input_file_ref idref="fl-2"/>
      </object_component>
      <object_component id="oc-2e5">
         <name>.debug_line</name>
         <load_address>0x329</load_address>
         <run_address>0x329</run_address>
         <size>0x30</size>
         <input_file_ref idref="fl-2"/>
      </object_component>
      <object_component id="oc-2e7">
         <name>.debug_line</name>
         <load_address>0x359</load_address>
         <run_address>0x359</run_address>
         <size>0x30</size>
         <input_file_ref idref="fl-2"/>
      </object_component>
      <object_component id="oc-26b">
         <name>.debug_line</name>
         <load_address>0x389</load_address>
         <run_address>0x389</run_address>
         <size>0x30</size>
         <input_file_ref idref="fl-2"/>
      </object_component>
      <object_component id="oc-269">
         <name>.debug_line</name>
         <load_address>0x3b9</load_address>
         <run_address>0x3b9</run_address>
         <size>0x30</size>
         <input_file_ref idref="fl-2"/>
      </object_component>
      <object_component id="oc-261">
         <name>.debug_line</name>
         <load_address>0x3e9</load_address>
         <run_address>0x3e9</run_address>
         <size>0x30</size>
         <input_file_ref idref="fl-2"/>
      </object_component>
      <object_component id="oc-292">
         <name>.debug_line</name>
         <load_address>0x419</load_address>
         <run_address>0x419</run_address>
         <size>0x30</size>
         <input_file_ref idref="fl-2"/>
      </object_component>
      <object_component id="oc-290">
         <name>.debug_line</name>
         <load_address>0x449</load_address>
         <run_address>0x449</run_address>
         <size>0x30</size>
         <input_file_ref idref="fl-2"/>
      </object_component>
      <object_component id="oc-27c">
         <name>.debug_line</name>
         <load_address>0x479</load_address>
         <run_address>0x479</run_address>
         <size>0x30</size>
         <input_file_ref idref="fl-2"/>
      </object_component>
      <object_component id="oc-d8">
         <name>.debug_line</name>
         <load_address>0x4a9</load_address>
         <run_address>0x4a9</run_address>
         <size>0x2e8</size>
         <input_file_ref idref="fl-2"/>
      </object_component>
      <object_component id="oc-26f">
         <name>.debug_line</name>
         <load_address>0x791</load_address>
         <run_address>0x791</run_address>
         <size>0x30</size>
         <input_file_ref idref="fl-2"/>
      </object_component>
      <object_component id="oc-253">
         <name>.debug_line</name>
         <load_address>0x7c1</load_address>
         <run_address>0x7c1</run_address>
         <size>0x37</size>
         <input_file_ref idref="fl-2"/>
      </object_component>
      <object_component id="oc-1ba">
         <name>.debug_line</name>
         <load_address>0x7f8</load_address>
         <run_address>0x7f8</run_address>
         <size>0x3a</size>
         <input_file_ref idref="fl-2"/>
      </object_component>
      <object_component id="oc-ff">
         <name>.debug_line</name>
         <load_address>0x832</load_address>
         <run_address>0x832</run_address>
         <size>0x3b</size>
         <input_file_ref idref="fl-2"/>
      </object_component>
      <object_component id="oc-110">
         <name>.debug_line</name>
         <load_address>0x86d</load_address>
         <run_address>0x86d</run_address>
         <size>0x54</size>
         <input_file_ref idref="fl-2"/>
      </object_component>
      <object_component id="oc-75">
         <name>.debug_line</name>
         <load_address>0x8c1</load_address>
         <run_address>0x8c1</run_address>
         <size>0x20</size>
         <input_file_ref idref="fl-2"/>
      </object_component>
      <object_component id="oc-144">
         <name>.debug_line</name>
         <load_address>0x8e1</load_address>
         <run_address>0x8e1</run_address>
         <size>0x58</size>
         <input_file_ref idref="fl-2"/>
      </object_component>
      <object_component id="oc-b1">
         <name>.debug_line</name>
         <load_address>0x939</load_address>
         <run_address>0x939</run_address>
         <size>0x55</size>
         <input_file_ref idref="fl-2"/>
      </object_component>
      <object_component id="oc-f9">
         <name>.debug_line</name>
         <load_address>0x98e</load_address>
         <run_address>0x98e</run_address>
         <size>0x3c</size>
         <input_file_ref idref="fl-2"/>
      </object_component>
      <object_component id="oc-237">
         <name>.debug_line</name>
         <load_address>0x9ca</load_address>
         <run_address>0x9ca</run_address>
         <size>0x3b</size>
         <input_file_ref idref="fl-2"/>
      </object_component>
      <object_component id="oc-330">
         <name>.debug_line</name>
         <load_address>0xa05</load_address>
         <run_address>0xa05</run_address>
         <size>0x20</size>
         <input_file_ref idref="fl-4"/>
      </object_component>
      <object_component id="oc-2f3">
         <name>.debug_line</name>
         <load_address>0xa25</load_address>
         <run_address>0xa25</run_address>
         <size>0x3f</size>
         <input_file_ref idref="fl-4"/>
      </object_component>
      <object_component id="oc-332">
         <name>.debug_line</name>
         <load_address>0xa64</load_address>
         <run_address>0xa64</run_address>
         <size>0x20</size>
         <input_file_ref idref="fl-6"/>
      </object_component>
      <object_component id="oc-2f6">
         <name>.debug_line</name>
         <load_address>0xa84</load_address>
         <run_address>0xa84</run_address>
         <size>0x3d</size>
         <input_file_ref idref="fl-6"/>
      </object_component>
      <object_component id="oc-32c">
         <name>.debug_line</name>
         <load_address>0xac1</load_address>
         <run_address>0xac1</run_address>
         <size>0x20</size>
         <input_file_ref idref="fl-8"/>
      </object_component>
      <object_component id="oc-2e9">
         <name>.debug_line</name>
         <load_address>0xae1</load_address>
         <run_address>0xae1</run_address>
         <size>0x49</size>
         <input_file_ref idref="fl-8"/>
      </object_component>
      <object_component id="oc-334">
         <name>.debug_line</name>
         <load_address>0xb2a</load_address>
         <run_address>0xb2a</run_address>
         <size>0x20</size>
         <input_file_ref idref="fl-9"/>
      </object_component>
      <object_component id="oc-2f9">
         <name>.debug_line</name>
         <load_address>0xb4a</load_address>
         <run_address>0xb4a</run_address>
[...]
         <name>CAN0_Handler</name>
         <value>0x1d4fb</value>
         <object_component_ref idref="oc-27"/>
      </symbol>
      <symbol id="sm-c2e">
         <name>GPIOPortP6_Handler</name>
         <value>0x1d56f</value>
         <object_component_ref idref="oc-27"/>
      </symbol>
      <symbol id="sm-c2f">
         <name>Quadrature1_Handler</name>
         <value>0x1d4f9</value>
         <object_component_ref idref="oc-27"/>
      </symbol>
      <symbol id="sm-c30">
         <name>PWM0Fault_Handler</name>
         <value>0x1d4bf</value>
         <object_component_ref idref="oc-27"/>
      </symbol>
      <symbol id="sm-c31">
         <name>ExtBus_Handler</name>
         <value>0x1d517</value>
         <object_component_ref idref="oc-27"/>
      </symbol>
      <symbol id="sm-c32">
         <name>GPIOPortP1_Handler</name>
         <value>0x1d565</value>
         <object_component_ref idref="oc-27"/>
      </symbol>
      <symbol id="sm-c33">
         <name>PWM0Generator3_Handler</name>
         <value>0x1d507</value>
         <object_component_ref idref="oc-27"/>
      </symbol>
      <symbol id="sm-c34">
         <name>I2C2_Handler</name>
         <value>0x1d52d</value>
         <object_component_ref idref="oc-27"/>
      </symbol>
      <symbol id="sm-c35">
         <name>GPIOPortL_Handler</name>
         <value>0x1d51d</value>
         <object_component_ref idref="oc-27"/>
      </symbol>
      <symbol id="sm-c36">
         <name>WDT_Handler</name>
         <value>0x1d4d1</value>
         <object_component_ref idref="oc-27"/>
      </symbol>
      <symbol id="sm-c37">
         <name>WideTimer3A_Handler</name>
         <value>0x1d545</value>
         <object_component_ref idref="oc-27"/>
      </symbol>
      <symbol id="sm-c38">
         <name>WideTimer1A_Handler</name>
         <value>0x1d53d</value>
         <object_component_ref idref="oc-27"/>
      </symbol>
      <symbol id="sm-c39">
         <name>WideTimer5A_Handler</name>
         <value>0x1d54d</value>
         <object_component_ref idref="oc-27"/>
      </symbol>
      <symbol id="sm-c3a">
         <name>GPIOPortG_Handler</name>
         <value>0x1d4eb</value>
         <object_component_ref idref="oc-27"/>
      </symbol>
      <symbol id="sm-c3b">
         <name>GPIOPortQ5_Handler</name>
         <value>0x1d57d</value>
         <object_component_ref idref="oc-27"/>
      </symbol>
      <symbol id="sm-c3c">
         <name>UART5_Handler</name>
         <value>0x1d527</value>
         <object_component_ref idref="oc-27"/>
      </symbol>
      <symbol id="sm-c3d">
         <name>CAN2_Handler</name>
         <value>0x1d4ff</value>
         <object_component_ref idref="oc-27"/>
      </symbol>
      <symbol id="sm-c3e">
         <name>StartCritical</name>
         <value>0x1d599</value>
         <object_component_ref idref="oc-27"/>
      </symbol>
      <symbol id="sm-c3f">
         <name>GPIOPortP3_Handler</name>
         <value>0x1d569</value>
         <object_component_ref idref="oc-27"/>
      </symbol>
      <symbol id="sm-c40">
         <name>GPIOPortP_Handler</name>
         <value>0x1d563</value>
         <object_component_ref idref="oc-27"/>
      </symbol>
      <symbol id="sm-c41">
         <name>Comp1_Handler</name>
         <value>0x1d4e1</value>
         <object_component_ref idref="oc-27"/>
      </symbol>
      <symbol id="sm-c42">
         <name>Timer0B_Handler</name>
         <value>0x1d4d5</value>
         <object_component_ref idref="oc-27"/>
      </symbol>
      <symbol id="sm-c43">
         <name>Timer2B_Handler</name>
         <value>0x1d4dd</value>
         <object_component_ref idref="oc-27"/>
      </symbol>
      <symbol id="sm-c44">
         <name>Timer4B_Handler</name>
         <value>0x1d533</value>
         <object_component_ref idref="oc-27"/>
      </symbol>
      <symbol id="sm-c45">
         <name>PWM0Generator1_Handler</name>
         <value>0x1d4c3</value>
         <object_component_ref idref="oc-27"/>
      </symbol>
      <symbol id="sm-c46">
         <name>ResetISR</name>
         <value>0x1d499</value>
         <object_component_ref idref="oc-27"/>
      </symbol>
      <symbol id="sm-c47">
         <name>PECI0_Handler</name>
         <value>0x1d553</value>
         <object_component_ref idref="oc-27"/>
      </symbol>
      <symbol id="sm-c48">
         <name>LPC0_Handler</name>
         <value>0x1d555</value>
         <object_component_ref idref="oc-27"/>
      </symbol>
      <symbol id="sm-c49">
         <name>PWM1Generator2_Handler</name>
         <value>0x1d58b</value>
         <object_component_ref idref="oc-27"/>
      </symbol>
      <symbol id="sm-c4a">
         <name>I2C5_Handler</name>
         <value>0x1d559</value>
         <object_component_ref idref="oc-27"/>
      </symbol>
      <symbol id="sm-c4b">
         <name>GPIOPortN_Handler</name>
         <value>0x1d55d</value>
         <object_component_ref idref="oc-27"/>
      </symbol>
      <symbol id="sm-c4c">
         <name>ADC1Seq2_Handler</name>
         <value>0x1d511</value>
         <object_component_ref idref="oc-27"/>
      </symbol>
      <symbol id="sm-c4d">
         <name>GPIOPortQ7_Handler</name>
         <value>0x1d581</value>
         <object_component_ref idref="oc-27"/>
      </symbol>
      <symbol id="sm-c4e">
         <name>UART7_Handler</name>
         <value>0x1d52b</value>
         <object_component_ref idref="oc-27"/>
      </symbol>
      <symbol id="sm-c4f">
         <name>ADC0Seq3_Handler</name>
         <value>0x1d4cf</value>
         <object_component_ref idref="oc-27"/>
      </symbol>
      <symbol id="sm-c50">
         <name>WideTimer2A_Handler</name>
         <value>0x1d541</value>
         <object_component_ref idref="oc-27"/>
      </symbol>
      <symbol id="sm-c51">
         <name>WideTimer4A_Handler</name>
         <value>0x1d549</value>
         <object_component_ref idref="oc-27"/>
      </symbol>
      <symbol id="sm-c52">
         <name>GPIOPortP5_Handler</name>
         <value>0x1d56d</value>
         <object_component_ref idref="oc-27"/>
      </symbol>
      <symbol id="sm-c53">
         <name>GPIOPortR_Handler</name>
         <value>0x1d583</value>
         <object_component_ref idref="oc-27"/>
      </symbol>
      <symbol id="sm-c54">
         <name>USB0_Handler</name>
         <value>0x1d505</value>
         <object_component_ref idref="oc-27"/>
      </symbol>
      <symbol id="sm-c55">
         <name>PWM1Generator0_Handler</name>
         <value>0x1d587</value>
         <object_component_ref idref="oc-27"/>
      </symbol>
      <symbol id="sm-c56">
         <name>EndCritical</name>
         <value>0x1d5a1</value>
         <object_component_ref idref="oc-27"/>
      </symbol>
      <symbol id="sm-c57">
         <name>SSI1_Handler</name>
         <value>0x1d4f1</value>
         <object_component_ref idref="oc-27"/>
      </symbol>
      <symbol id="sm-c58">
         <name>Timer1B_Handler</name>
         <value>0x1d4d9</value>
         <object_component_ref idref="oc-27"/>
      </symbol>
      <symbol id="sm-c59">
         <name>Timer3B_Handler</name>
         <value>0x1d4f5</value>
         <object_component_ref idref="oc-27"/>
      </symbol>
      <symbol id="sm-c5a">
         <name>Timer5B_Handler</name>
         <value>0x1d537</value>
         <object_component_ref idref="oc-27"/>
      </symbol>
      <symbol id="sm-c5b">
         <name>ADC1Seq0_Handler</name>
         <value>0x1d50d</value>
         <object_component_ref idref="oc-27"/>
      </symbol>
      <symbol id="sm-c5c">
         <name>GPIOPortK_Handler</name>
         <value>0x1d51b</value>
         <object_component_ref idref="oc-27"/>
      </symbol>
      <symbol id="sm-c5d">
         <name>WideTimer3B_Handler</name>
         <value>0x1d547</value>
         <object_component_ref idref="oc-27"/>
      </symbol>
      <symbol id="sm-c5e">
         <name>WideTimer1B_Handler</name>
         <value>0x1d53f</value>
         <object_component_ref idref="oc-27"/>
      </symbol>
      <symbol id="sm-c5f">
         <name>WideTimer5B_Handler</name>
         <value>0x1d54f</value>
         <object_component_ref idref="oc-27"/>
      </symbol>
      <symbol id="sm-c60">
         <name>SysCtl_Handler</name>
         <value>0x1d4e5</value>
         <object_component_ref idref="oc-27"/>
      </symbol>
      <symbol id="sm-c61">
         <name>uDMA_Handler</name>
         <value>0x1d509</value>
         <object_component_ref idref="oc-27"/>
      </symbol>
      <symbol id="sm-c62">
         <name>ADC0Seq1_Handler</name>
         <value>0x1d4cb</value>
         <object_component_ref idref="oc-27"/>
      </symbol>
      <symbol id="sm-c63">
         <name>UART0_Handler</name>
         <value>0x1d4b7</value>
         <object_component_ref idref="oc-27"/>
      </symbol>
      <symbol id="sm-c64">
         <name>GPIOPortP7_Handler</name>
         <value>0x1d571</value>
         <object_component_ref idref="oc-27"/>
      </symbol>
      <symbol id="sm-c65">
         <name>PWM1Fault_Handler</name>
         <value>0x1d58f</value>
         <object_component_ref idref="oc-27"/>
      </symbol>
      <symbol id="sm-c66">
         <name>I2C1_Handler</name>
         <value>0x1d4f7</value>
         <object_component_ref idref="oc-27"/>
      </symbol>
      <symbol id="sm-c67">
         <name>SSI3_Handler</name>
         <value>0x1d521</value>
         <object_component_ref idref="oc-27"/>
      </symbol>
      <symbol id="sm-c68">
         <name>GPIOPortM_Handler</name>
         <value>0x1d55b</value>
         <object_component_ref idref="oc-27"/>
      </symbol>
      <symbol id="sm-c69">
         <name>g_pfnVectors</name>
         <value>0x0</value>
         <object_component_ref idref="oc-12"/>
      </symbol>
      <symbol id="sm-c6a">
         <name>GPIOPortD_Handler</name>
         <value>0x1d4b3</value>
         <object_component_ref idref="oc-27"/>
      </symbol>
      <symbol id="sm-c6b">
         <name>GPIOPortQ2_Handler</name>
         <value>0x1d577</value>
         <object_component_ref idref="oc-27"/>
      </symbol>
      <symbol id="sm-c6c">
         <name>UART2_Handler</name>
         <value>0x1d4ef</value>
         <object_component_ref idref="oc-27"/>
      </symbol>
      <symbol id="sm-c6d">
         <name>CAN1_Handler</name>
         <value>0x1d4fd</value>
         <object_component_ref idref="oc-27"/>
      </symbol>
      <symbol id="sm-c6e">
         <name>Quadrature0_Handler</name>
         <value>0x1d4c7</value>
         <object_component_ref idref="oc-27"/>
      </symbol>
      <symbol id="sm-c6f">
         <name>WideTimer2B_Handler</name>
         <value>0x1d543</value>
         <object_component_ref idref="oc-27"/>
      </symbol>
      <symbol id="sm-c70">
         <name>WideTimer0B_Handler</name>
         <value>0x1d53b</value>
         <object_component_ref idref="oc-27"/>
      </symbol>
      <symbol id="sm-c71">
         <name>WideTimer4B_Handler</name>
         <value>0x1d54b</value>
         <object_component_ref idref="oc-27"/>
      </symbol>
      <symbol id="sm-c72">
         <name>GPIOPortQ_Handler</name>
         <value>0x1d573</value>
         <object_component_ref idref="oc-27"/>
      </symbol>
      <symbol id="sm-c73">
         <name>DisableInterrupts</name>
         <value>0x1d591</value>
         <object_component_ref idref="oc-27"/>
      </symbol>
      <symbol id="sm-c74">
         <name>Comp0_Handler</name>
         <value>0x1d4df</value>
         <object_component_ref idref="oc-27"/>
      </symbol>
      <symbol id="sm-c75">
         <name>PWM0Generator2_Handler</name>
         <value>0x1d4c5</value>
         <object_component_ref idref="oc-27"/>
      </symbol>
      <symbol id="sm-c76">
         <name>I2C3_Handler</name>
         <value>0x1d52f</value>
         <object_component_ref idref="oc-27"/>
      </symbol>
      <symbol id="sm-c77">
         <name>Ethernet_Handler</name>
         <value>0x1d501</value>
         <object_component_ref idref="oc-27"/>
      </symbol>
      <symbol id="sm-c78">
         <name>PWM1Generator3_Handler</name>
         <value>0x1d58d</value>
         <object_component_ref idref="oc-27"/>
      </symbol>
      <symbol id="sm-c79">
         <name>I2C4_Handler</name>
         <value>0x1d557</value>
         <object_component_ref idref="oc-27"/>
      </symbol>
      <symbol id="sm-c7a">
         <name>Fan0_Handler</name>
         <value>0x1d561</value>
         <object_component_ref idref="oc-27"/>
      </symbol>
      <symbol id="sm-c7b">
         <name>WaitForInterrupt</name>
         <value>0x1d5a7</value>
         <object_component_ref idref="oc-27"/>
      </symbol>
      <symbol id="sm-c7c">
         <name>ADC1Seq3_Handler</name>
         <value>0x1d513</value>
         <object_component_ref idref="oc-27"/>
      </symbol>
      <symbol id="sm-c7d">
         <name>GPIOPortQ4_Handler</name>
         <value>0x1d57b</value>
         <object_component_ref idref="oc-27"/>
      </symbol>
      <symbol id="sm-c7e">
         <name>EnableInterrupts</name>
         <value>0x1d595</value>
         <object_component_ref idref="oc-27"/>
      </symbol>
      <symbol id="sm-c7f">
         <name>GPIOPortA_Handler</name>
         <value>0x1d4ad</value>
         <object_component_ref idref="oc-27"/>
      </symbol>
      <symbol id="sm-c80">
         <name>UART4_Handler</name>
         <value>0x1d525</value>
         <object_component_ref idref="oc-27"/>
      </symbol>
      <symbol id="sm-c81">
         <name>Quadrature2_Handler</name>
         <value>0x1d55f</value>
         <object_component_ref idref="oc-27"/>
      </symbol>
      <symbol id="sm-c82">
         <name>GPIOPortP2_Handler</name>
         <value>0x1d567</value>
         <object_component_ref idref="oc-27"/>
      </symbol>
      <symbol id="sm-c83">
         <name>GPIOPortS_Handler</name>
         <value>0x1d585</value>
         <object_component_ref idref="oc-27"/>
      </symbol>
      <symbol id="sm-c84">
         <name>Comp2_Handler</name>
         <value>0x1d4e3</value>
         <object_component_ref idref="oc-27"/>
      </symbol>
      <symbol id="sm-c85">
         <name>DebugMon_Handler</name>
         <value>0x1d4a7</value>
         <object_component_ref idref="oc-27"/>
      </symbol>
      <symbol id="sm-c86">
         <name>PWM0Generator0_Handler</name>
         <value>0x1d4c1</value>
         <object_component_ref idref="oc-27"/>
      </symbol>
      <symbol id="sm-c87">
         <name>PWM1Generator1_Handler</name>
         <value>0x1d589</value>
         <object_component_ref idref="oc-27"/>
      </symbol>
      <symbol id="sm-c88">
         <name>SSI0_Handler</name>
         <value>0x1d4bb</value>
         <object_component_ref idref="oc-27"/>
      </symbol>
      <symbol id="sm-c89">
         <name>ADC1Seq1_Handler</name>
         <value>0x1d50f</value>
         <object_component_ref idref="oc-27"/>
      </symbol>
      <symbol id="sm-c8a">
         <name>GPIOPortH_Handler</name>
         <value>0x1d4ed</value>
         <object_component_ref idref="oc-27"/>
      </symbol>
      <symbol id="sm-c8b">
         <name>GPIOPortQ6_Handler</name>
         <value>0x1d57f</value>
         <object_component_ref idref="oc-27"/>
      </symbol>
      <symbol id="sm-c8c">
         <name>GPIOPortC_Handler</name>
         <value>0x1d4b1</value>
         <object_component_ref idref="oc-27"/>
      </symbol>
      <symbol id="sm-c8d">
         <name>GPIOPortQ1_Handler</name>
         <value>0x1d575</value>
         <object_component_ref idref="oc-27"/>
      </symbol>
      <symbol id="sm-c8e">
         <name>UART6_Handler</name>
         <value>0x1d529</value>
         <object_component_ref idref="oc-27"/>
      </symbol>
      <symbol id="sm-c8f">
         <name>ADC0Seq2_Handler</name>
         <value>0x1d4cd</value>
         <object_component_ref idref="oc-27"/>
      </symbol>
      <symbol id="sm-c9c">
         <name>__aeabi_uldivmod</name>
         <value>0x1db05</value>
         <object_component_ref idref="oc-101"/>
      </symbol>
      <symbol id="sm-cae">
         <name>__TI_zero_init</name>
         <value>0x1de43</value>
         <object_component_ref idref="oc-89"/>
      </symbol>
      <symbol id="sm-cc5">
         <name>__TI_decompress_none</name>
         <value>0x1de35</value>
         <object_component_ref idref="oc-1b"/>
      </symbol>
      <symbol id="sm-ce8">
         <name>__TI_decompress_lzss</name>
         <value>0x1dd1b</value>
         <object_component_ref idref="oc-15"/>
      </symbol>
      <symbol id="sm-cfd">
         <name>__stack</name>
         <value>0x20005cf8</value>
         <object_component_ref idref="oc-24"/>
      </symbol>
      <symbol id="sm-cfe">
         <name>_c_int00_noargs</name>
         <value>0x1de01</value>
         <object_component_ref idref="oc-95"/>
      </symbol>
      <symbol id="sm-d08">
         <name>__aeabi_idiv0</name>
         <value>0x1bc0f</value>
         <object_component_ref idref="oc-1ad"/>
      </symbol>
      <symbol id="sm-d09">
         <name>__aeabi_ldiv0</name>
         <value>0x1bc0f</value>
         <object_component_ref idref="oc-1ad"/>
      </symbol>
      <symbol id="sm-d24">
         <name>memcpy</name>
         <value>0x1da69</value>
         <object_component_ref idref="oc-77"/>
      </symbol>
      <symbol id="sm-d25">
         <name>__aeabi_memcpy</name>
         <value>0x1da69</value>
         <object_component_ref idref="oc-77"/>
      </symbol>
      <symbol id="sm-d26">
         <name>__aeabi_memcpy8</name>
         <value>0x1da69</value>
         <object_component_ref idref="oc-77"/>
      </symbol>
      <symbol id="sm-d27">
         <name>__aeabi_memcpy4</name>
         <value>0x1da69</value>
         <object_component_ref idref="oc-77"/>
      </symbol>
      <symbol id="sm-d36">
         <name>__aeabi_memset</name>
         <value>0x1dca3</value>
         <object_component_ref idref="oc-127"/>
      </symbol>
      <symbol id="sm-d37">
         <name>memset</name>
         <value>0x1dca9</value>
         <object_component_ref idref="oc-127"/>
      </symbol>
      <symbol id="sm-d38">
         <name>__aeabi_memset8</name>
         <value>0x1dca3</value>
         <object_component_ref idref="oc-127"/>
      </symbol>
      <symbol id="sm-d39">
         <name>__aeabi_memset4</name>
         <value>0x1dca3</value>
         <object_component_ref idref="oc-127"/>
      </symbol>
      <symbol id="sm-d3a">
         <name>__aeabi_memclr8</name>
         <value>0x1dca1</value>
         <object_component_ref idref="oc-127"/>
      </symbol>
      <symbol id="sm-d3b">
         <name>__aeabi_memclr4</name>
         <value>0x1dca1</value>
         <object_component_ref idref="oc-127"/>
      </symbol>
      <symbol id="sm-d3c">
         <name>__aeabi_memclr</name>
         <value>0x1dca1</value>
         <object_component_ref idref="oc-127"/>
      </symbol>
      <symbol id="sm-d64">
         <name>__TI_auto_init_nobinit_nopinit</name>
         <value>0x1dd85</value>
         <object_component_ref idref="oc-1d8"/>
      </symbol>
      <symbol id="sm-d6e">
         <name>_system_pre_init</name>
         <value>0x1de4f</value>
         <object_component_ref idref="oc-12d"/>
      </symbol>
      <symbol id="sm-d7a">
         <name>C$$EXIT</name>
         <value>0x1de53</value>
         <object_component_ref idref="oc-1cc"/>
      </symbol>
      <symbol id="sm-d7b">
         <name>abort</name>
         <value>0x1de53</value>
         <object_component_ref idref="oc-1cc"/>
      </symbol>
      <symbol id="sm-d80">
         <name>__TI_static_base__</name>
         <value>0x0</value>
      </symbol>
      <symbol id="sm-d83">
         <name>__mpu_init</name>
         <value>0x0</value>
      </symbol>
      <symbol id="sm-d84">
         <name>_system_post_cinit</name>
         <value>0x0</value>
      </symbol>
   </symbol_table>
   <title>Link successful</title>
</link_info>
